// Jest Snapshot v1, https://goo.gl/fbAQLP

exports[`Notifications Item renders default view 1`] = `
<div
  className="item"
  onClick={[Function]}
  role="listitem"
>
  <i
    aria-hidden="true"
    className="icon"
  >
    <i
      aria-hidden="true"
      className="grey eye icon sc-bwzfXH kZUMPF"
      onClick={[Function]}
      title="Mark as viewed"
    />
  </i>
  <div
    className="content"
  >
    <div>
      <span
        className="sc-bdVaJa cWCCxy"
      >
        2 months ago
      </span>
       Â·
       
      <a
        href="/process/process-name"
        onClick={[Function]}
      >
        Notification Text
      </a>
    </div>
  </div>
</div>
`;
