// Jest Snapshot v1, https://goo.gl/fbAQLP

exports[`Process Definition List Empty renders empty 1`] = `
<style>
.c0 {
  color: #999;
}</style>

<div>
  <div
    className="c0"
  >
    0 processes available
  </div>
  <div
    className="ui header"
  >
    <i
      aria-hidden="true"
      className="tasks icon"
    />
    <div
      className="content"
    >
      Company Processes
      <div
        className="sub header"
      >
        Find and execute a new company process
      </div>
    </div>
  </div>
  <div
    className="ui message"
  >
    No results
  </div>
</div>
`;

exports[`Process Definition List Records renders with data 1`] = `
<style>
.c2.c2.c2.c2.c2 {
  vertical-align: top !important;
  width: 25px;
}

.c1 {
  max-width: 800px !important;
}

.c1.c1.c1.c1.c1 .description {
  font-size: smaller;
}

.c0 {
  color: #999;
}</style>

<div>
  <div
    className="c0"
  >
    4 processes available
  </div>
  <div
    className="ui header"
  >
    <i
      aria-hidden="true"
      className="tasks icon"
    />
    <div
      className="content"
    >
      Company Processes
      <div
        className="sub header"
      >
        Find and execute a new company process
      </div>
    </div>
  </div>
  <div
    className="ui divided relaxed list c1"
    role="list"
  >
    <div
      className="item"
      onClick={[Function]}
      role="listitem"
    >
      <div
        className="right floated content"
      >
        <button
          className="ui primary button"
          onClick={[Function]}
          role="button"
        >
          <i
            aria-hidden="true"
            className="rocket icon"
          />
          Launch
        </button>
      </div>
      <i
        aria-hidden="true"
        className="briefcase icon middle aligned c2"
      />
      <div
        className="top aligned content"
      >
        <a
          className="header"
          href="/process/travel-process/preview/information/1"
        >
          Travel Process
        </a>
        <div
          className="description"
        >
          Lorem ipsum dolor sit amet, consectetur adipiscing elit, sed do eiusmod tempor incididunt ut labore et dolore magna aliqua. Ut enim ad minim veniam, quis nostrud exercitation ullamco laboris nisi ut aliquip ex ea commodo consequat. Duis aute irure dolor in reprehenderit in voluptate velit esse cillum dolore eu fugiat nulla pariatur. Excepteur sint occaecat cupidatat non proident, sunt in culpa qui officia deserunt mollit anim id est laborum.
        </div>
      </div>
    </div>
    <div
      className="item"
      onClick={[Function]}
      role="listitem"
    >
      <div
        className="right floated content"
      >
        <button
          className="ui primary button"
          onClick={[Function]}
          role="button"
        >
          <i
            aria-hidden="true"
            className="rocket icon"
          />
          Launch
        </button>
      </div>
      <i
        aria-hidden="true"
        className="money icon middle aligned c2"
      />
      <div
        className="top aligned content"
      >
        <a
          className="header"
          href="/process/purchase-process/preview/information/2"
        >
          Purchase Process
        </a>
        <div
          className="description"
        >
          Lorem ipsum dolor sit amet, consectetur adipiscing elit, sed do eiusmod tempor incididunt ut labore et dolore magna aliqua. Ut enim ad minim veniam, quis nostrud exercitation ullamco laboris nisi ut aliquip ex ea commodo consequat. Duis aute irure dolor in reprehenderit in voluptate velit esse cillum dolore eu fugiat nulla pariatur. Excepteur sint occaecat cupidatat non proident, sunt in culpa qui officia deserunt mollit anim id est laborum.
        </div>
      </div>
    </div>
    <div
      className="item"
      onClick={[Function]}
      role="listitem"
    >
      <div
        className="right floated content"
      >
        <button
          className="ui primary button"
          onClick={[Function]}
          role="button"
        >
          <i
            aria-hidden="true"
            className="rocket icon"
          />
          Launch
        </button>
      </div>
      <i
        aria-hidden="true"
        className="money bill alternate outline icon middle aligned c2"
      />
      <div
        className="top aligned content"
      >
        <a
          className="header"
          href="/process/sales-process/preview/information/3"
        >
          Sales Process
        </a>
        <div
          className="description"
        >
          Lorem ipsum dolor sit amet, consectetur adipiscing elit, sed do eiusmod tempor incididunt ut labore et dolore magna aliqua. Ut enim ad minim veniam, quis nostrud exercitation ullamco laboris nisi ut aliquip ex ea commodo consequat. Duis aute irure dolor in reprehenderit in voluptate velit esse cillum dolore eu fugiat nulla pariatur. Excepteur sint occaecat cupidatat non proident, sunt in culpa qui officia deserunt mollit anim id est laborum.
        </div>
      </div>
    </div>
    <div
      className="item"
      onClick={[Function]}
      role="listitem"
    >
      <div
        className="right floated content"
      >
        <button
          className="ui primary button"
          onClick={[Function]}
          role="button"
        >
          <i
            aria-hidden="true"
            className="rocket icon"
          />
          Launch
        </button>
      </div>
      <i
        aria-hidden="true"
        className="user circle icon middle aligned c2"
      />
      <div
        className="top aligned content"
      >
        <a
          className="header"
          href="/process/human-resource-process/preview/information/4"
        >
          Human Resource Process
        </a>
        <div
          className="description"
        >
          Lorem ipsum dolor sit amet, consectetur adipiscing elit, sed do eiusmod tempor incididunt ut labore et dolore magna aliqua. Ut enim ad minim veniam, quis nostrud exercitation ullamco laboris nisi ut aliquip ex ea commodo consequat. Duis aute irure dolor in reprehenderit in voluptate velit esse cillum dolore eu fugiat nulla pariatur. Excepteur sint occaecat cupidatat non proident, sunt in culpa qui officia deserunt mollit anim id est laborum.
        </div>
      </div>
    </div>
  </div>
</div>
`;
