// Jest Snapshot v1, https://goo.gl/fbAQLP

exports[`Notifications Item View renders default view 1`] = `
<div>
  <div
    className="item"
    onClick={[Function]}
    role="listitem"
  >
    <span
      className="sc-bdVaJa cWCCxy"
    >
      in 7 months
    </span>
     Â· 
    ProcessStarted
  </div>
</div>
`;
