// Jest Snapshot v1, https://goo.gl/fbAQLP

exports[`Bpmn Process Resolver fails 1`] = `1`;

exports[`Bpmn Process Resolver tests owner resolver 123 1`] = `
Object {
  "data": Object {
    "bpmnProcessInstanceQuery": Object {
      "comments": Array [
        Object {
          "date": "2018-03-09T13:00:00.000Z",
          "id": "cjnblzn280ztz0b65xxpfjlla",
          "replyTo": null,
          "text": "12345",
          "user": null,
        },
      ],
      "data": "{}",
      "dateFinished": null,
      "dateStarted": "2018-02-01T13:00:00.000Z",
      "id": "cjnblzn280zty0b65pv510t7p",
      "log": Array [],
      "owner": Object {
        "id": "cjnblzn120zts0b65o6soe4ip",
        "name": "Tomi",
      },
      "process": null,
      "status": "Running",
      "tasks": Array [],
    },
  },
}
`;

exports[`Notifications Container renders final 1`] = `
<div>
  <h5
    className="ui dividing header"
  >
    <i
      aria-hidden="true"
      className="bell icon"
    />
    <div
      className="content"
    >
      Notifications
    </div>
  </h5>
  <div
    className="ui divided relaxed list"
    role="list"
  >
    <div
      className="item"
      onClick={[Function]}
      role="listitem"
    >
      <i
        aria-hidden="true"
        className="icon"
      >
        <i
          aria-hidden="true"
          className="grey eye icon sc-bwzfXH kZUMPF"
          onClick={[Function]}
          title="Mark as viewed"
        />
      </i>
      <div
        className="content"
      >
        <div>
          <span
            className="sc-bdVaJa cWCCxy"
          >
            2 months ago
          </span>
           ·
           
          <a
            href="/process/process-name"
          >
            Notification Text
          </a>
        </div>
      </div>
    </div>
    <div
      className="item"
      onClick={[Function]}
      role="listitem"
    >
      <i
        aria-hidden="true"
        className="icon"
      >
        <i
          aria-hidden="true"
          className="grey eye icon sc-bwzfXH kZUMPF"
          onClick={[Function]}
          title="Mark as viewed"
        />
      </i>
      <div
        className="content"
      >
        <div>
          <span
            className="sc-bdVaJa cWCCxy"
          >
            2 months ago
          </span>
           ·
           
          <a
            href="/process/process-name"
          >
            Notification Text
          </a>
        </div>
      </div>
    </div>
    <div
      className="item"
      onClick={[Function]}
      role="listitem"
    >
      <i
        aria-hidden="true"
        className="icon"
      >
        <i
          aria-hidden="true"
          className="grey eye icon sc-bwzfXH kZUMPF"
          onClick={[Function]}
          title="Mark as viewed"
        />
      </i>
      <div
        className="content"
      >
        <div>
          <span
            className="sc-bdVaJa cWCCxy"
          >
            2 months ago
          </span>
           ·
           
          <a
            href="/process/process-name"
          >
            Notification Text
          </a>
        </div>
      </div>
    </div>
    <div
      className="item"
      onClick={[Function]}
      role="listitem"
    >
      <i
        aria-hidden="true"
        className="icon"
      >
        <i
          aria-hidden="true"
          className="grey eye icon sc-bwzfXH kZUMPF"
          onClick={[Function]}
          title="Mark as viewed"
        />
      </i>
      <div
        className="content"
      >
        <div>
          <span
            className="sc-bdVaJa cWCCxy"
          >
            2 months ago
          </span>
           ·
           
          <a
            href="/process/process-name"
          >
            Notification Text
          </a>
        </div>
      </div>
    </div>
    <div
      className="item"
      onClick={[Function]}
      role="listitem"
    >
      <i
        aria-hidden="true"
        className="icon"
      >
        <i
          aria-hidden="true"
          className="grey eye icon sc-bwzfXH kZUMPF"
          onClick={[Function]}
          title="Mark as viewed"
        />
      </i>
      <div
        className="content"
      >
        <div>
          <span
            className="sc-bdVaJa cWCCxy"
          >
            2 months ago
          </span>
           ·
           
          <a
            href="/process/process-name"
          >
            Notification Text
          </a>
        </div>
      </div>
    </div>
  </div>
  <button
    className="ui red icon left labeled button"
    onClick={[Function]}
    role="button"
  >
    <i
      aria-hidden="true"
      className="trash icon"
    />
    Clear All
  </button>
</div>
`;

exports[`Notifications Container renders loading 1`] = `
<div>
  Loading...
</div>
`;
