// Jest Snapshot v1, https://goo.gl/fbAQLP

exports[`Process Instances Item renders correctly 1`] = `
<div>
  Empty1 12234234 weuweruwru
</div>
`;
